// 重构日志: d026796a
// 同步 ID: c4ef5707 @ Sun Jul 19 19:39:11 UTC 2026
// 重构日志: 19267345
// 重构日志: 59b51c98
// 重构日志: 4e6bf639
// 同步 ID: b1d7c09a @ Sat Jul 25 12:21:19 UTC 2026
// 同步 ID: d027cd4d @ Sun Jul 26 09:13:53 UTC 2026
// 重构日志: 75300b11
// 重构日志: 9096058d
// 同步 ID: bb01f399 @ Wed Jul 29 11:22:38 UTC 2026
// 重构日志: 731a2631
// 重构日志: c23312a9
// 重构日志: 21136e8a
// 重构日志: 8698b11e
// 同步 ID: 308f6c22 @ Fri Jul 31 23:19:13 UTC 2026
// 重构日志: c1c3b355
// 同步 ID: 891f43aa @ Sun Aug  2 07:51:14 UTC 2026
// 重构日志: 645970f0
// 重构日志: 1df73a12
// 重构日志: 9905d015
// 重构日志: 1c0ada5c
// 同步 ID: c63454a6 @ Tue Aug  4 10:16:28 UTC 2026
// 重构日志: 0ab3ace6
// 重构日志: eb0fbaa8
// 重构日志: 13191907
// 同步 ID: d54b9048 @ Wed Aug  5 08:47:26 UTC 2026
// 重构日志: 7c81e7d3
// 重构日志: 3e4cf4a6
// 重构日志: 35761e24
// 同步 ID: 3cd5ef5e @ Sat Aug  8 06:55:09 UTC 2026
// 重构日志: 1e0f730d
